<?xml version="1.0" encoding="ISO-8859-1" ?>
<link_info>
   <banner>TI ARM Linker Unix v20.2.7.LTS</banner>
   <copyright>Copyright (c) 1996-2018 Texas Instruments Incorporated</copyright>
   <link_time>0x64bf5c41</link_time>
   <link_errors>0x0</link_errors>
   <output_file>Blink_FE.out</output_file>
   <entry_point>
      <name>_c_int00_noargs</name>
      <address>0x4211</address>
   </entry_point>
   <input_file_list>
      <input_file id="fl-2">
         <path>./</path>
         <kind>object</kind>
         <file>led_task.obj</file>
         <name>led_task.obj</name>
      </input_file>
      <input_file id="fl-3">
         <path>./</path>
         <kind>object</kind>
         <file>main.obj</file>
         <name>main.obj</name>
      </input_file>
      <input_file id="fl-4">
         <path>./</path>
         <kind>object</kind>
         <file>switch_task.obj</file>
         <name>switch_task.obj</name>
      </input_file>
      <input_file id="fl-5">
         <path>./</path>
         <kind>object</kind>
         <file>tm4c123gh6pm_startup_ccs.obj</file>
         <name>tm4c123gh6pm_startup_ccs.obj</name>
      </input_file>
      <input_file id="fl-6">
         <path>./</path>
         <kind>object</kind>
         <file>uartstdio.obj</file>
         <name>uartstdio.obj</name>
      </input_file>
      <input_file id="fl-7">
         <path>./FreeRTOS/</path>
         <kind>object</kind>
         <file>croutine.obj</file>
         <name>croutine.obj</name>
      </input_file>
      <input_file id="fl-8">
         <path>./FreeRTOS/</path>
         <kind>object</kind>
         <file>event_groups.obj</file>
         <name>event_groups.obj</name>
      </input_file>
      <input_file id="fl-9">
         <path>./FreeRTOS/</path>
         <kind>object</kind>
         <file>list.obj</file>
         <name>list.obj</name>
      </input_file>
      <input_file id="fl-a">
         <path>./FreeRTOS/</path>
         <kind>object</kind>
         <file>queue.obj</file>
         <name>queue.obj</name>
      </input_file>
      <input_file id="fl-b">
         <path>./FreeRTOS/</path>
         <kind>object</kind>
         <file>stream_buffer.obj</file>
         <name>stream_buffer.obj</name>
      </input_file>
      <input_file id="fl-c">
         <path>./FreeRTOS/</path>
         <kind>object</kind>
         <file>tasks.obj</file>
         <name>tasks.obj</name>
      </input_file>
      <input_file id="fl-d">
         <path>./FreeRTOS/</path>
         <kind>object</kind>
         <file>timers.obj</file>
         <name>timers.obj</name>
      </input_file>
      <input_file id="fl-e">
         <path>./FreeRTOS/portable/CCS/ARM_CM4F/</path>
         <kind>object</kind>
         <file>port.obj</file>
         <name>port.obj</name>
      </input_file>
      <input_file id="fl-f">
         <path>./FreeRTOS/portable/CCS/ARM_CM4F/</path>
         <kind>object</kind>
         <file>portasm.obj</file>
         <name>portasm.obj</name>
      </input_file>
      <input_file id="fl-10">
         <path>./FreeRTOS/portable/MemMang/</path>
         <kind>object</kind>
         <file>heap_4.obj</file>
         <name>heap_4.obj</name>
      </input_file>
      <input_file id="fl-11">
         <path>./drivers/</path>
         <kind>object</kind>
         <file>buttons.obj</file>
         <name>buttons.obj</name>
      </input_file>
      <input_file id="fl-12">
         <path>./drivers/</path>
         <kind>object</kind>
         <file>rgb.obj</file>
         <name>rgb.obj</name>
      </input_file>
      <input_file id="fl-17">
         <kind>object</kind>
         <file>&lt;internal&gt;</file>
         <name>&lt;internal&gt;</name>
      </input_file>
      <input_file id="fl-18">
         <path>/Users/david/ti/TivaWare_C_Series-2.2.0.295/driverlib/ccs/Debug/</path>
         <kind>archive</kind>
         <file>driverlib.lib</file>
         <name>gpio.obj</name>
      </input_file>
      <input_file id="fl-19">
         <path>/Users/david/ti/TivaWare_C_Series-2.2.0.295/driverlib/ccs/Debug/</path>
         <kind>archive</kind>
         <file>driverlib.lib</file>
         <name>interrupt.obj</name>
      </input_file>
      <input_file id="fl-1a">
         <path>/Users/david/ti/TivaWare_C_Series-2.2.0.295/driverlib/ccs/Debug/</path>
         <kind>archive</kind>
         <file>driverlib.lib</file>
         <name>sysctl.obj</name>
      </input_file>
      <input_file id="fl-1b">
         <path>/Users/david/ti/TivaWare_C_Series-2.2.0.295/driverlib/ccs/Debug/</path>
         <kind>archive</kind>
         <file>driverlib.lib</file>
         <name>timer.obj</name>
      </input_file>
      <input_file id="fl-1c">
         <path>/Users/david/ti/TivaWare_C_Series-2.2.0.295/driverlib/ccs/Debug/</path>
         <kind>archive</kind>
         <file>driverlib.lib</file>
         <name>uart.obj</name>
      </input_file>
      <input_file id="fl-1d">
         <path>/Users/david/ti/TivaWare_C_Series-2.2.0.295/driverlib/ccs/Debug/</path>
         <kind>archive</kind>
         <file>driverlib.lib</file>
         <name>cpu.obj</name>
      </input_file>
      <input_file id="fl-d3">
         <path>/Applications/ti/ccs1210/ccs/tools/compiler/ti-cgt-arm_20.2.7.LTS/lib/</path>
         <kind>archive</kind>
         <file>rtsv7M4_T_le_v4SPD16_eabi.lib</file>
         <name>fs_toull_t2.asm.obj</name>
      </input_file>
      <input_file id="fl-d4">
         <path>/Applications/ti/ccs1210/ccs/tools/compiler/ti-cgt-arm_20.2.7.LTS/lib/</path>
         <kind>archive</kind>
         <file>rtsv7M4_T_le_v4SPD16_eabi.lib</file>
         <name>memcpy_t2.asm.obj</name>
      </input_file>
      <input_file id="fl-d5">
         <path>/Applications/ti/ccs1210/ccs/tools/compiler/ti-cgt-arm_20.2.7.LTS/lib/</path>
         <kind>archive</kind>
         <file>rtsv7M4_T_le_v4SPD16_eabi.lib</file>
         <name>memset_t2.asm.obj</name>
      </input_file>
      <input_file id="fl-d6">
         <path>/Applications/ti/ccs1210/ccs/tools/compiler/ti-cgt-arm_20.2.7.LTS/lib/</path>
         <kind>archive</kind>
         <file>rtsv7M4_T_le_v4SPD16_eabi.lib</file>
         <name>u_divt2.asm.obj</name>
      </input_file>
      <input_file id="fl-d7">
         <path>/Applications/ti/ccs1210/ccs/tools/compiler/ti-cgt-arm_20.2.7.LTS/lib/</path>
         <kind>archive</kind>
         <file>rtsv7M4_T_le_v4SPD16_eabi.lib</file>
         <name>copy_zero_init.c.obj</name>
      </input_file>
      <input_file id="fl-d8">
         <path>/Applications/ti/ccs1210/ccs/tools/compiler/ti-cgt-arm_20.2.7.LTS/lib/</path>
         <kind>archive</kind>
         <file>rtsv7M4_T_le_v4SPD16_eabi.lib</file>
         <name>copy_decompress_none.c.obj</name>
      </input_file>
      <input_file id="fl-d9">
         <path>/Applications/ti/ccs1210/ccs/tools/compiler/ti-cgt-arm_20.2.7.LTS/lib/</path>
         <kind>archive</kind>
         <file>rtsv7M4_T_le_v4SPD16_eabi.lib</file>
         <name>copy_decompress_lzss.c.obj</name>
      </input_file>
      <input_file id="fl-da">
         <path>/Applications/ti/ccs1210/ccs/tools/compiler/ti-cgt-arm_20.2.7.LTS/lib/</path>
         <kind>archive</kind>
         <file>rtsv7M4_T_le_v4SPD16_eabi.lib</file>
         <name>boot_cortex_m.c.obj</name>
      </input_file>
      <input_file id="fl-db">
         <path>/Applications/ti/ccs1210/ccs/tools/compiler/ti-cgt-arm_20.2.7.LTS/lib/</path>
         <kind>archive</kind>
         <file>rtsv7M4_T_le_v4SPD16_eabi.lib</file>
         <name>div0.asm.obj</name>
      </input_file>
      <input_file id="fl-dc">
         <path>/Applications/ti/ccs1210/ccs/tools/compiler/ti-cgt-arm_20.2.7.LTS/lib/</path>
         <kind>archive</kind>
         <file>rtsv7M4_T_le_v4SPD16_eabi.lib</file>
         <name>autoinit.c.obj</name>
      </input_file>
      <input_file id="fl-dd">
         <path>/Applications/ti/ccs1210/ccs/tools/compiler/ti-cgt-arm_20.2.7.LTS/lib/</path>
         <kind>archive</kind>
         <file>rtsv7M4_T_le_v4SPD16_eabi.lib</file>
         <name>pre_init.c.obj</name>
      </input_file>
      <input_file id="fl-de">
         <path>/Applications/ti/ccs1210/ccs/tools/compiler/ti-cgt-arm_20.2.7.LTS/lib/</path>
         <kind>archive</kind>
         <file>rtsv7M4_T_le_v4SPD16_eabi.lib</file>
         <name>cpy_tbl.c.obj</name>
      </input_file>
      <input_file id="fl-df">
         <path>/Applications/ti/ccs1210/ccs/tools/compiler/ti-cgt-arm_20.2.7.LTS/lib/</path>
         <kind>archive</kind>
         <file>rtsv7M4_T_le_v4SPD16_eabi.lib</file>
         <name>exit.c.obj</name>
      </input_file>
      <input_file id="fl-e0">
         <path>/Applications/ti/ccs1210/ccs/tools/compiler/ti-cgt-arm_20.2.7.LTS/lib/</path>
         <kind>archive</kind>
         <file>rtsv7M4_T_le_v4SPD16_eabi.lib</file>
         <name>_lock.c.obj</name>
      </input_file>
      <input_file id="fl-e1">
         <path>/Applications/ti/ccs1210/ccs/tools/compiler/ti-cgt-arm_20.2.7.LTS/lib/</path>
         <kind>archive</kind>
         <file>rtsv7M4_T_le_v4SPD16_eabi.lib</file>
         <name>args_main.c.obj</name>
      </input_file>
   </input_file_list>
   <object_component_list>
      <object_component id="oc-12">
         <name>.intvecs</name>
         <load_address>0x0</load_address>
         <run_address>0x0</run_address>
         <size>0x26c</size>
         <input_file_ref idref="fl-5"/>
      </object_component>
      <object_component id="oc-7f">
         <name>.text</name>
         <load_address>0x26c</load_address>
         <run_address>0x26c</run_address>
         <size>0x16e0</size>
         <input_file_ref idref="fl-c"/>
      </object_component>
      <object_component id="oc-12d">
         <name>.text</name>
         <load_address>0x194c</load_address>
         <run_address>0x194c</run_address>
         <size>0xba0</size>
         <input_file_ref idref="fl-a"/>
      </object_component>
      <object_component id="oc-ff">
         <name>.text</name>
         <load_address>0x24ec</load_address>
         <run_address>0x24ec</run_address>
         <size>0x510</size>
         <input_file_ref idref="fl-d"/>
      </object_component>
      <object_component id="oc-121">
         <name>.text</name>
         <load_address>0x29fc</load_address>
         <run_address>0x29fc</run_address>
         <size>0x314</size>
         <input_file_ref idref="fl-6"/>
      </object_component>
      <object_component id="oc-25b">
         <name>.text</name>
         <load_address>0x2d10</load_address>
         <run_address>0x2d10</run_address>
         <size>0x2d8</size>
         <input_file_ref idref="fl-12"/>
      </object_component>
      <object_component id="oc-f0">
         <name>.text</name>
         <load_address>0x2fe8</load_address>
         <run_address>0x2fe8</run_address>
         <size>0x29c</size>
         <input_file_ref idref="fl-10"/>
      </object_component>
      <object_component id="oc-32">
         <name>.text</name>
         <load_address>0x3284</load_address>
         <run_address>0x3284</run_address>
         <size>0x210</size>
         <input_file_ref idref="fl-e"/>
      </object_component>
      <object_component id="oc-133">
         <name>.text</name>
         <load_address>0x3494</load_address>
         <run_address>0x3494</run_address>
         <size>0x1a0</size>
         <input_file_ref idref="fl-2"/>
      </object_component>
      <object_component id="oc-20f">
         <name>.text:GPIOPadConfigSet</name>
         <load_address>0x3634</load_address>
         <run_address>0x3634</run_address>
         <size>0x16c</size>
         <input_file_ref idref="fl-18"/>
      </object_component>
      <object_component id="oc-139">
         <name>.text</name>
         <load_address>0x37a0</load_address>
         <run_address>0x37a0</run_address>
         <size>0x134</size>
         <input_file_ref idref="fl-4"/>
      </object_component>
      <object_component id="oc-327">
         <name>.text:SysCtlClockGet</name>
         <load_address>0x38d4</load_address>
         <run_address>0x38d4</run_address>
         <size>0x118</size>
         <input_file_ref idref="fl-1a"/>
      </object_component>
      <object_component id="oc-127">
         <name>.text:SysCtlClockSet</name>
         <load_address>0x39ec</load_address>
         <run_address>0x39ec</run_address>
         <size>0xf4</size>
         <input_file_ref idref="fl-1a"/>
      </object_component>
      <object_component id="oc-86">
         <name>.text</name>
         <load_address>0x3ae0</load_address>
         <run_address>0x3ae0</run_address>
         <size>0xe0</size>
         <input_file_ref idref="fl-3"/>
      </object_component>
      <object_component id="oc-2d">
         <name>.text</name>
         <load_address>0x3bc0</load_address>
         <run_address>0x3bc0</run_address>
         <size>0xda</size>
         <input_file_ref idref="fl-f"/>
      </object_component>
      <object_component id="oc-2d2">
         <name>.text</name>
         <load_address>0x3c9a</load_address>
         <run_address>0x3c9a</run_address>
         <size>0x2</size>
         <input_file_ref idref="fl-db"/>
      </object_component>
      <object_component id="oc-269">
         <name>.text</name>
         <load_address>0x3c9c</load_address>
         <run_address>0x3c9c</run_address>
         <size>0xc8</size>
         <input_file_ref idref="fl-11"/>
      </object_component>
      <object_component id="oc-46">
         <name>.text</name>
         <load_address>0x3d64</load_address>
         <run_address>0x3d64</run_address>
         <size>0x9c</size>
         <input_file_ref idref="fl-d4"/>
      </object_component>
      <object_component id="oc-de">
         <name>.text</name>
         <load_address>0x3e00</load_address>
         <run_address>0x3e00</run_address>
         <size>0x92</size>
         <input_file_ref idref="fl-9"/>
      </object_component>
      <object_component id="oc-bc">
         <name>.text</name>
         <load_address>0x3e92</load_address>
         <run_address>0x3e92</run_address>
         <size>0x7a</size>
         <input_file_ref idref="fl-d5"/>
      </object_component>
      <object_component id="oc-30f">
         <name>.text:IntEnable</name>
         <load_address>0x3f0c</load_address>
         <run_address>0x3f0c</run_address>
         <size>0x68</size>
         <input_file_ref idref="fl-19"/>
      </object_component>
      <object_component id="oc-15">
         <name>.text:decompress:lzss:__TI_decompress_lzss</name>
         <load_address>0x3f74</load_address>
         <run_address>0x3f74</run_address>
         <size>0x68</size>
         <input_file_ref idref="fl-d9"/>
      </object_component>
      <object_component id="oc-303">
         <name>.text:TimerConfigure</name>
         <load_address>0x3fdc</load_address>
         <run_address>0x3fdc</run_address>
         <size>0x60</size>
         <input_file_ref idref="fl-1b"/>
      </object_component>
      <object_component id="oc-32d">
         <name>.text</name>
         <load_address>0x403c</load_address>
         <run_address>0x403c</run_address>
         <size>0x50</size>
         <input_file_ref idref="fl-d3"/>
      </object_component>
      <object_component id="oc-10f">
         <name>.text:GPIOPinConfigure</name>
         <load_address>0x408c</load_address>
         <run_address>0x408c</run_address>
         <size>0x4c</size>
         <input_file_ref idref="fl-18"/>
      </object_component>
      <object_component id="oc-234">
         <name>.text:UARTConfigSetExpClk</name>
         <load_address>0x40d8</load_address>
         <run_address>0x40d8</run_address>
         <size>0x46</size>
         <input_file_ref idref="fl-1c"/>
      </object_component>
      <object_component id="oc-180">
         <name>.text:__TI_auto_init_nobinit_nopinit:__TI_auto_init_nobinit_nopinit</name>
         <load_address>0x4120</load_address>
         <run_address>0x4120</run_address>
         <size>0x44</size>
         <input_file_ref idref="fl-dc"/>
      </object_component>
      <object_component id="oc-223">
         <name>.text</name>
         <load_address>0x4164</load_address>
         <run_address>0x4164</run_address>
         <size>0x40</size>
         <input_file_ref idref="fl-d6"/>
      </object_component>
      <object_component id="oc-22e">
         <name>.text:SysCtlPeripheralPresent</name>
         <load_address>0x41a4</load_address>
         <run_address>0x41a4</run_address>
         <size>0x38</size>
         <input_file_ref idref="fl-1a"/>
      </object_component>
      <object_component id="oc-109">
         <name>.text:SysCtlPeripheralEnable</name>
         <load_address>0x41dc</load_address>
         <run_address>0x41dc</run_address>
         <size>0x34</size>
         <input_file_ref idref="fl-1a"/>
      </object_component>
      <object_component id="oc-64">
         <name>.text:_c_int00_noargs:_c_int00_noargs</name>
         <load_address>0x4210</load_address>
         <run_address>0x4210</run_address>
         <size>0x34</size>
         <input_file_ref idref="fl-da"/>
      </object_component>
      <object_component id="oc-209">
         <name>.text:GPIODirModeSet</name>
         <load_address>0x4244</load_address>
         <run_address>0x4244</run_address>
         <size>0x2c</size>
         <input_file_ref idref="fl-18"/>
      </object_component>
      <object_component id="oc-2da">
         <name>.text:UARTDisable</name>
         <load_address>0x4270</load_address>
         <run_address>0x4270</run_address>
         <size>0x20</size>
         <input_file_ref idref="fl-1c"/>
      </object_component>
      <object_component id="oc-321">
         <name>.text:TimerDisable</name>
         <load_address>0x4290</load_address>
         <run_address>0x4290</run_address>
         <size>0x18</size>
         <input_file_ref idref="fl-1b"/>
      </object_component>
      <object_component id="oc-31b">
         <name>.text:GPIOPinTypeGPIOInput</name>
         <load_address>0x42a8</load_address>
         <run_address>0x42a8</run_address>
         <size>0x16</size>
         <input_file_ref idref="fl-18"/>
      </object_component>
      <object_component id="oc-2fd">
         <name>.text:GPIOPinTypeTimer</name>
         <load_address>0x42be</load_address>
         <run_address>0x42be</run_address>
         <size>0x16</size>
         <input_file_ref idref="fl-18"/>
      </object_component>
      <object_component id="oc-115">
         <name>.text:GPIOPinTypeUART</name>
         <load_address>0x42d4</load_address>
         <run_address>0x42d4</run_address>
         <size>0x16</size>
         <input_file_ref idref="fl-18"/>
      </object_component>
      <object_component id="oc-23a">
         <name>.text:UARTEnable</name>
         <load_address>0x42ea</load_address>
         <run_address>0x42ea</run_address>
         <size>0x14</size>
         <input_file_ref idref="fl-1c"/>
      </object_component>
      <object_component id="oc-332">
         <name>.text:TimerLoadSet</name>
         <load_address>0x42fe</load_address>
         <run_address>0x42fe</run_address>
         <size>0x12</size>
         <input_file_ref idref="fl-1b"/>
      </object_component>
      <object_component id="oc-2f1">
         <name>.text:TimerMatchSet</name>
         <load_address>0x4310</load_address>
         <run_address>0x4310</run_address>
         <size>0x12</size>
         <input_file_ref idref="fl-1b"/>
      </object_component>
      <object_component id="oc-2f7">
         <name>.text:TimerEnable</name>
         <load_address>0x4322</load_address>
         <run_address>0x4322</run_address>
         <size>0xe</size>
         <input_file_ref idref="fl-1b"/>
      </object_component>
      <object_component id="oc-1b">
         <name>.text:decompress:none:__TI_decompress_none</name>
         <load_address>0x4330</load_address>
         <run_address>0x4330</run_address>
         <size>0xe</size>
         <input_file_ref idref="fl-d8"/>
      </object_component>
      <object_component id="oc-58">
         <name>.text:decompress:ZI:__TI_zero_init</name>
         <load_address>0x433e</load_address>
         <run_address>0x433e</run_address>
         <size>0xc</size>
         <input_file_ref idref="fl-d7"/>
      </object_component>
      <object_component id="oc-27">
         <name>.text</name>
         <load_address>0x434a</load_address>
         <run_address>0x434a</run_address>
         <size>0xc</size>
         <input_file_ref idref="fl-5"/>
      </object_component>
      <object_component id="oc-228">
         <name>.text:UARTCharGet</name>
         <load_address>0x4356</load_address>
         <run_address>0x4356</run_address>
         <size>0xa</size>
         <input_file_ref idref="fl-1c"/>
      </object_component>
      <object_component id="oc-21d">
         <name>.text:UARTCharPut</name>
         <load_address>0x4360</load_address>
         <run_address>0x4360</run_address>
         <size>0xa</size>
         <input_file_ref idref="fl-1c"/>
      </object_component>
      <object_component id="oc-315">
         <name>.text:TimerIntEnable</name>
         <load_address>0x436a</load_address>
         <run_address>0x436a</run_address>
         <size>0x8</size>
         <input_file_ref idref="fl-1b"/>
      </object_component>
      <object_component id="oc-34b">
         <name>.text:GPIOPinRead</name>
         <load_address>0x4372</load_address>
         <run_address>0x4372</run_address>
         <size>0x6</size>
         <input_file_ref idref="fl-18"/>
      </object_component>
      <object_component id="oc-250">
         <name>.text:SysCtlDelay</name>
         <load_address>0x4378</load_address>
         <run_address>0x4378</run_address>
         <size>0x6</size>
         <input_file_ref idref="fl-1a"/>
      </object_component>
      <object_component id="oc-309">
         <name>.text:TimerLoadSet64</name>
         <load_address>0x437e</load_address>
         <run_address>0x437e</run_address>
         <size>0x6</size>
         <input_file_ref idref="fl-1b"/>
      </object_component>
      <object_component id="oc-11b">
         <name>.text:UARTClockSourceSet</name>
         <load_address>0x4384</load_address>
         <run_address>0x4384</run_address>
         <size>0x6</size>
         <input_file_ref idref="fl-1c"/>
      </object_component>
      <object_component id="oc-338">
         <name>.text:TimerIntClear</name>
         <load_address>0x438a</load_address>
         <run_address>0x438a</run_address>
         <size>0x4</size>
         <input_file_ref idref="fl-1b"/>
      </object_component>
      <object_component id="oc-c2">
         <name>.text:_system_pre_init</name>
         <load_address>0x438e</load_address>
         <run_address>0x438e</run_address>
         <size>0x4</size>
         <input_file_ref idref="fl-dd"/>
      </object_component>
      <object_component id="oc-174">
         <name>.text:abort:abort</name>
         <load_address>0x4392</load_address>
         <run_address>0x4392</run_address>
         <size>0x4</size>
         <input_file_ref idref="fl-df"/>
      </object_component>
      <object_component id="oc-204">
         <name>.const:g_pui32GPIOBaseAddrs</name>
         <load_address>0x4398</load_address>
         <run_address>0x4398</run_address>
         <size>0x90</size>
         <input_file_ref idref="fl-18"/>
      </object_component>
      <object_component id="oc-395">
         <name>.const:g_pui32Xtals</name>
         <load_address>0x4428</load_address>
         <run_address>0x4428</run_address>
         <size>0x6c</size>
         <input_file_ref idref="fl-1a"/>
      </object_component>
      <object_component id="oc-38d">
         <name>.const:g_pui32EnRegs</name>
         <load_address>0x4494</load_address>
         <run_address>0x4494</run_address>
         <size>0x14</size>
         <input_file_ref idref="fl-19"/>
      </object_component>
      <object_component id="oc-246">
         <name>.const:g_ui32UARTBase</name>
         <load_address>0x44a8</load_address>
         <run_address>0x44a8</run_address>
         <size>0xc</size>
         <input_file_ref idref="fl-6"/>
      </object_component>
      <object_component id="oc-243">
         <name>.const:g_ui32UARTPeriph</name>
         <load_address>0x44b4</load_address>
         <run_address>0x44b4</run_address>
         <size>0xc</size>
         <input_file_ref idref="fl-6"/>
      </object_component>
      <object_component id="oc-7c">
         <name>.const</name>
         <load_address>0x44c0</load_address>
         <run_address>0x44c0</run_address>
         <size>0x8</size>
         <input_file_ref idref="fl-e"/>
      </object_component>
      <object_component id="oc-105">
         <name>.const</name>
         <load_address>0x44c8</load_address>
         <run_address>0x44c8</run_address>
         <size>0x4</size>
         <input_file_ref idref="fl-c"/>
      </object_component>
      <object_component id="oc-3e9">
         <name>.cinit..data.load</name>
         <load_address>0x44d0</load_address>
         <run_address>0x44d0</run_address>
         <size>0x1b</size>
      </object_component>
      <object_component id="oc-3e7">
         <name>__TI_handler_table</name>
         <load_address>0x44ec</load_address>
         <run_address>0x44ec</run_address>
         <size>0xc</size>
      </object_component>
      <object_component id="oc-3ea">
         <name>.cinit..bss.load</name>
         <load_address>0x44f8</load_address>
         <run_address>0x44f8</run_address>
         <size>0x8</size>
      </object_component>
      <object_component id="oc-3e8">
         <name>__TI_cinit_table</name>
         <load_address>0x4500</load_address>
         <run_address>0x4500</run_address>
         <size>0x10</size>
      </object_component>
      <object_component id="oc-264">
         <name>.data:g_pui32Colors</name>
         <load_address>0x200078f8</load_address>
         <run_address>0x200078f8</run_address>
         <size>0xc</size>
         <input_file_ref idref="fl-2"/>
      </object_component>
      <object_component id="oc-240">
         <name>.data</name>
         <load_address>0x2000791c</load_address>
         <run_address>0x2000791c</run_address>
         <size>0x5</size>
         <input_file_ref idref="fl-6"/>
      </object_component>
      <object_component id="oc-79">
         <name>.data</name>
         <load_address>0x200078b0</load_address>
         <run_address>0x200078b0</run_address>
         <size>0x34</size>
         <input_file_ref idref="fl-c"/>
      </object_component>
      <object_component id="oc-1e8">
         <name>.data</name>
         <load_address>0x20007910</load_address>
         <run_address>0x20007910</run_address>
         <size>0xc</size>
         <input_file_ref idref="fl-d"/>
      </object_component>
      <object_component id="oc-8c">
         <name>.data</name>
         <load_address>0x20007904</load_address>
         <run_address>0x20007904</run_address>
         <size>0xc</size>
         <input_file_ref idref="fl-e"/>
      </object_component>
      <object_component id="oc-1d7">
         <name>.data</name>
         <load_address>0x200078e4</load_address>
         <run_address>0x200078e4</run_address>
         <size>0x14</size>
         <input_file_ref idref="fl-10"/>
      </object_component>
      <object_component id="oc-351">
         <name>.data</name>
         <load_address>0x20007921</load_address>
         <run_address>0x20007921</run_address>
         <size>0x3</size>
         <input_file_ref idref="fl-11"/>
      </object_component>
      <object_component id="oc-33e">
         <name>.data</name>
         <load_address>0x20007924</load_address>
         <run_address>0x20007924</run_address>
         <size>0x4</size>
         <input_file_ref idref="fl-12"/>
      </object_component>
      <object_component id="oc-261">
         <name>.bss</name>
         <uninitialized>true</uninitialized>
         <run_address>0x200076a8</run_address>
         <size>0x1</size>
         <input_file_ref idref="fl-2"/>
      </object_component>
      <object_component id="oc-ed">
         <name>.bss:pxReadyTasksLists</name>
         <uninitialized>true</uninitialized>
         <run_address>0x20007530</run_address>
         <size>0x64</size>
         <input_file_ref idref="fl-c"/>
      </object_component>
      <object_component id="oc-f6">
         <name>.bss:xDelayedTaskList1</name>
         <uninitialized>true</uninitialized>
         <run_address>0x2000760c</run_address>
         <size>0x14</size>
         <input_file_ref idref="fl-c"/>
      </object_component>
      <object_component id="oc-f9">
         <name>.bss:xDelayedTaskList2</name>
         <uninitialized>true</uninitialized>
         <run_address>0x20007620</run_address>
         <size>0x14</size>
         <input_file_ref idref="fl-c"/>
      </object_component>
      <object_component id="oc-ea">
         <name>.bss</name>
         <uninitialized>true</uninitialized>
         <run_address>0x2000767c</run_address>
         <size>0x8</size>
         <input_file_ref idref="fl-c"/>
      </object_component>
      <object_component id="oc-e7">
         <name>.bss:xPendingReadyList</name>
         <uninitialized>true</uninitialized>
         <run_address>0x20007634</run_address>
         <size>0x14</size>
         <input_file_ref idref="fl-c"/>
      </object_component>
      <object_component id="oc-fc">
         <name>.bss:xTasksWaitingTermination</name>
         <uninitialized>true</uninitialized>
         <run_address>0x2000765c</run_address>
         <size>0x14</size>
         <input_file_ref idref="fl-c"/>
      </object_component>
      <object_component id="oc-e4">
         <name>.bss:xSuspendedTaskList</name>
         <uninitialized>true</uninitialized>
         <run_address>0x20007648</run_address>
         <size>0x14</size>
         <input_file_ref idref="fl-c"/>
      </object_component>
      <object_component id="oc-1eb">
         <name>.bss:xActiveTimerList1</name>
         <uninitialized>true</uninitialized>
         <run_address>0x200075e4</run_address>
         <size>0x14</size>
         <input_file_ref idref="fl-d"/>
      </object_component>
      <object_component id="oc-1ee">
         <name>.bss:xActiveTimerList2</name>
         <uninitialized>true</uninitialized>
         <run_address>0x200075f8</run_address>
         <size>0x14</size>
         <input_file_ref idref="fl-d"/>
      </object_component>
      <object_component id="oc-1f1">
         <name>.bss</name>
         <uninitialized>true</uninitialized>
         <run_address>0x20007684</run_address>
         <size>0x8</size>
         <input_file_ref idref="fl-d"/>
      </object_component>
      <object_component id="oc-1dd">
         <name>.bss:ucHeap</name>
         <uninitialized>true</uninitialized>
         <run_address>0x20000000</run_address>
         <size>0x7530</size>
         <input_file_ref idref="fl-10"/>
      </object_component>
      <object_component id="oc-1da">
         <name>.bss:xStart</name>
         <uninitialized>true</uninitialized>
         <run_address>0x2000768c</run_address>
         <size>0x8</size>
         <input_file_ref idref="fl-10"/>
      </object_component>
      <object_component id="oc-341">
         <name>.bss:g_ui32Colors</name>
         <uninitialized>true</uninitialized>
         <run_address>0x20007670</run_address>
         <size>0xc</size>
         <input_file_ref idref="fl-12"/>
      </object_component>
      <object_component id="oc-344">
         <name>.bss</name>
         <uninitialized>true</uninitialized>
         <run_address>0x20007694</run_address>
         <size>0x4</size>
         <input_file_ref idref="fl-12"/>
      </object_component>
      <object_component id="oc-267">
         <name>.common:g_pLEDQueue</name>
         <uninitialized>true</uninitialized>
         <run_address>0x200076a0</run_address>
         <size>0x4</size>
      </object_component>
      <object_component id="oc-13f">
         <name>.common:g_pUARTSemaphore</name>
         <uninitialized>true</uninitialized>
         <run_address>0x200076a4</run_address>
         <size>0x4</size>
      </object_component>
      <object_component id="oc-142">
         <name>.common:Q_tailDuty</name>
         <uninitialized>true</uninitialized>
         <run_address>0x2000769c</run_address>
         <size>0x4</size>
      </object_component>
      <object_component id="oc-143">
         <name>.common:Q_mainDuty</name>
         <uninitialized>true</uninitialized>
         <run_address>0x20007698</run_address>
         <size>0x4</size>
      </object_component>
      <object_component id="oc-252">
         <name>.common:xQueueRegistry</name>
         <uninitialized>true</uninitialized>
         <run_address>0x20007594</run_address>
         <size>0x50</size>
      </object_component>
      <object_component id="oc-24">
         <name>.stack</name>
         <uninitialized>true</uninitialized>
         <run_address>0x200076b0</run_address>
         <size>0x4</size>
         <input_file_ref idref="fl-da"/>
      </object_component>
      <object_component id="oc-3ec">
         <name>.stack</name>
         <uninitialized>true</uninitialized>
         <run_address>0x200076b0</run_address>
         <size>0x0</size>
      </object_component>
      <object_component id="oc-15d">
         <name>.debug_info</name>
         <load_address>0x0</load_address>
         <run_address>0x0</run_address>
         <size>0x6c4</size>
         <input_file_ref idref="fl-2"/>
      </object_component>
      <object_component id="oc-265">
         <name>.debug_info</name>
         <load_address>0x6c4</load_address>
         <run_address>0x6c4</run_address>
         <size>0xe5</size>
         <input_file_ref idref="fl-2"/>
      </object_component>
      <object_component id="oc-262">
         <name>.debug_info</name>
         <load_address>0x7a9</load_address>
         <run_address>0x7a9</run_address>
         <size>0xe9</size>
         <input_file_ref idref="fl-2"/>
      </object_component>
      <object_component id="oc-134">
         <name>.debug_info</name>
         <load_address>0x892</load_address>
         <run_address>0x892</run_address>
         <size>0x37b</size>
         <input_file_ref idref="fl-2"/>
      </object_component>
      <object_component id="oc-14e">
         <name>.debug_info</name>
         <load_address>0xc0d</load_address>
         <run_address>0xc0d</run_address>
         <size>0x315</size>
         <input_file_ref idref="fl-2"/>
      </object_component>
      <object_component id="oc-a2">
         <name>.debug_info</name>
         <load_address>0xf22</load_address>
         <run_address>0xf22</run_address>
         <size>0x26b</size>
         <input_file_ref idref="fl-2"/>
      </object_component>
      <object_component id="oc-158">
         <name>.debug_info</name>
         <load_address>0x118d</load_address>
         <run_address>0x118d</run_address>
         <size>0x3f8</size>
         <input_file_ref idref="fl-2"/>
      </object_component>
      <object_component id="oc-273">
         <name>.debug_info</name>
         <load_address>0x1585</load_address>
         <run_address>0x1585</run_address>
         <size>0x4f</size>
         <input_file_ref idref="fl-2"/>
      </object_component>
      <object_component id="oc-278">
         <name>.debug_info</name>
         <load_address>0x15d4</load_address>
         <run_address>0x15d4</run_address>
         <size>0x2c</size>
         <input_file_ref idref="fl-2"/>
      </object_component>
      <object_component id="oc-41">
         <name>.debug_info</name>
         <load_address>0x1600</load_address>
         <run_address>0x1600</run_address>
         <size>0x84</size>
         <input_file_ref idref="fl-2"/>
      </object_component>
      <object_component id="oc-91">
         <name>.debug_info</name>
         <load_address>0x1684</load_address>
         <run_address>0x1684</run_address>
         <size>0x2c</size>
         <input_file_ref idref="fl-2"/>
      </object_component>
      <object_component id="oc-15f">
         <name>.debug_info</name>
         <load_address>0x16b0</load_address>
         <run_address>0x16b0</run_address>
         <size>0x2a4</size>
         <input_file_ref idref="fl-2"/>
      </object_component>
      <object_component id="oc-2c4">
         <name>.debug_info</name>
         <load_address>0x1954</load_address>
         <run_address>0x1954</run_address>
         <size>0xef</size>
         <input_file_ref idref="fl-2"/>
      </object_component>
      <object_component id="oc-9b">
         <name>.debug_info</name>
         <load_address>0x1a43</load_address>
         <run_address>0x1a43</run_address>
         <size>0xbb</size>
         <input_file_ref idref="fl-2"/>
      </object_component>
      <object_component id="oc-149">
         <name>.debug_info</name>
         <load_address>0x1afe</load_address>
         <run_address>0x1afe</run_address>
         <size>0x53</size>
         <input_file_ref idref="fl-2"/>
      </object_component>
      <object_component id="oc-96">
         <name>.debug_info</name>
         <load_address>0x1b51</load_address>
         <run_address>0x1b51</run_address>
         <size>0x53</size>
         <input_file_ref idref="fl-2"/>
      </object_component>
      <object_component id="oc-24b">
         <name>.debug_info</name>
         <load_address>0x1ba4</load_address>
         <run_address>0x1ba4</run_address>
         <size>0x2c</size>
         <input_file_ref idref="fl-2"/>
      </object_component>
      <object_component id="oc-153">
         <name>.debug_info</name>
         <load_address>0x1bd0</load_address>
         <run_address>0x1bd0</run_address>
         <size>0x14c</size>
         <input_file_ref idref="fl-2"/>
      </object_component>
      <object_component id="oc-140">
         <name>.debug_info</name>
         <load_address>0x1d1c</load_address>
         <run_address>0x1d1c</run_address>
         <size>0x684</size>
         <input_file_ref idref="fl-3"/>
      </object_component>
      <object_component id="oc-87">
         <name>.debug_info</name>
         <load_address>0x23a0</load_address>
         <run_address>0x23a0</run_address>
         <size>0x3c3</size>
         <input_file_ref idref="fl-3"/>
      </object_component>
      <object_component id="oc-270">
         <name>.debug_info</name>
         <load_address>0x2763</load_address>
         <run_address>0x2763</run_address>
         <size>0x5cc</size>
         <input_file_ref idref="fl-4"/>
      </object_component>
      <object_component id="oc-13a">
         <name>.debug_info</name>
         <load_address>0x2d2f</load_address>
         <run_address>0x2d2f</run_address>
         <size>0x318</size>
         <input_file_ref idref="fl-4"/>
      </object_component>
      <object_component id="oc-3a">
         <name>.debug_info</name>
         <load_address>0x3047</load_address>
         <run_address>0x3047</run_address>
         <size>0x335</size>
         <input_file_ref idref="fl-5"/>
      </object_component>
      <object_component id="oc-13">
         <name>.debug_info</name>
         <load_address>0x337c</load_address>
         <run_address>0x337c</run_address>
         <size>0xf4</size>
         <input_file_ref idref="fl-5"/>
      </object_component>
      <object_component id="oc-28">
         <name>.debug_info</name>
         <load_address>0x3470</load_address>
         <run_address>0x3470</run_address>
         <size>0x270</size>
         <input_file_ref idref="fl-5"/>
      </object_component>
      <object_component id="oc-24a">
         <name>.debug_info</name>
         <load_address>0x36e0</load_address>
         <run_address>0x36e0</run_address>
         <size>0x418</size>
         <input_file_ref idref="fl-6"/>
      </object_component>
      <object_component id="oc-241">
         <name>.debug_info</name>
         <load_address>0x3af8</load_address>
         <run_address>0x3af8</run_address>
         <size>0x10f</size>
         <input_file_ref idref="fl-6"/>
      </object_component>
      <object_component id="oc-247">
         <name>.debug_info</name>
         <load_address>0x3c07</load_address>
         <run_address>0x3c07</run_address>
         <size>0x117</size>
         <input_file_ref idref="fl-6"/>
      </object_component>
      <object_component id="oc-244">
         <name>.debug_info</name>
         <load_address>0x3d1e</load_address>
         <run_address>0x3d1e</run_address>
         <size>0x11b</size>
         <input_file_ref idref="fl-6"/>
      </object_component>
      <object_component id="oc-122">
         <name>.debug_info</name>
         <load_address>0x3e39</load_address>
         <run_address>0x3e39</run_address>
         <size>0x99d</size>
         <input_file_ref idref="fl-6"/>
      </object_component>
      <object_component id="oc-216">
         <name>.debug_info</name>
         <load_address>0x47d6</load_address>
         <run_address>0x47d6</run_address>
         <size>0x8b</size>
         <input_file_ref idref="fl-6"/>
      </object_component>
      <object_component id="oc-29f">
         <name>.debug_info</name>
         <load_address>0x4861</load_address>
         <run_address>0x4861</run_address>
         <size>0x6f8</size>
         <input_file_ref idref="fl-8"/>
      </object_component>
      <object_component id="oc-1b9">
         <name>.debug_info</name>
         <load_address>0x4f59</load_address>
         <run_address>0x4f59</run_address>
         <size>0x110</size>
         <input_file_ref idref="fl-8"/>
      </object_component>
      <object_component id="oc-1c8">
         <name>.debug_info</name>
         <load_address>0x5069</load_address>
         <run_address>0x5069</run_address>
         <size>0x3f8</size>
         <input_file_ref idref="fl-8"/>
      </object_component>
      <object_component id="oc-37b">
         <name>.debug_info</name>
         <load_address>0x5461</load_address>
         <run_address>0x5461</run_address>
         <size>0x62</size>
         <input_file_ref idref="fl-8"/>
      </object_component>
      <object_component id="oc-380">
         <name>.debug_info</name>
         <load_address>0x54c3</load_address>
         <run_address>0x54c3</run_address>
         <size>0x39</size>
         <input_file_ref idref="fl-8"/>
      </object_component>
      <object_component id="oc-2af">
         <name>.debug_info</name>
         <load_address>0x54fc</load_address>
         <run_address>0x54fc</run_address>
         <size>0x109</size>
         <input_file_ref idref="fl-8"/>
      </object_component>
      <object_component id="oc-1b4">
         <name>.debug_info</name>
         <load_address>0x5605</load_address>
         <run_address>0x5605</run_address>
         <size>0x4f</size>
         <input_file_ref idref="fl-8"/>
      </object_component>
      <object_component id="oc-1ce">
         <name>.debug_info</name>
         <load_address>0x5654</load_address>
         <run_address>0x5654</run_address>
         <size>0x394</size>
         <input_file_ref idref="fl-9"/>
      </object_component>
      <object_component id="oc-df">
         <name>.debug_info</name>
         <load_address>0x59e8</load_address>
         <run_address>0x59e8</run_address>
         <size>0x4a5</size>
         <input_file_ref idref="fl-9"/>
      </object_component>
      <object_component id="oc-253">
         <name>.debug_info</name>
         <load_address>0x5e8d</load_address>
         <run_address>0x5e8d</run_address>
         <size>0x9ad</size>
         <input_file_ref idref="fl-a"/>
      </object_component>
      <object_component id="oc-12e">
         <name>.debug_info</name>
         <load_address>0x683a</load_address>
         <run_address>0x683a</run_address>
         <size>0x327f</size>
         <input_file_ref idref="fl-a"/>
      </object_component>
      <object_component id="oc-2ec">
         <name>.debug_info</name>
         <load_address>0x9ab9</load_address>
         <run_address>0x9ab9</run_address>
         <size>0x217</size>
         <input_file_ref idref="fl-a"/>
      </object_component>
      <object_component id="oc-256">
         <name>.debug_info</name>
         <load_address>0x9cd0</load_address>
         <run_address>0x9cd0</run_address>
         <size>0x46</size>
         <input_file_ref idref="fl-a"/>
      </object_component>
      <object_component id="oc-1be">
         <name>.debug_info</name>
         <load_address>0x9d16</load_address>
         <run_address>0x9d16</run_address>
         <size>0x35</size>
         <input_file_ref idref="fl-a"/>
      </object_component>
      <object_component id="oc-16b">
         <name>.debug_info</name>
         <load_address>0x9d4b</load_address>
         <run_address>0x9d4b</run_address>
         <size>0x2c</size>
         <input_file_ref idref="fl-b"/>
      </object_component>
      <object_component id="oc-d6">
         <name>.debug_info</name>
         <load_address>0x9d77</load_address>
         <run_address>0x9d77</run_address>
         <size>0x872</size>
         <input_file_ref idref="fl-c"/>
      </object_component>
      <object_component id="oc-7a">
         <name>.debug_info</name>
         <load_address>0xa5e9</load_address>
         <run_address>0xa5e9</run_address>
         <size>0x34b</size>
         <input_file_ref idref="fl-c"/>
      </object_component>
      <object_component id="oc-ee">
         <name>.debug_info</name>
         <load_address>0xa934</load_address>
         <run_address>0xa934</run_address>
         <size>0xf4</size>
         <input_file_ref idref="fl-c"/>
      </object_component>
      <object_component id="oc-f7">
         <name>.debug_info</name>
         <load_address>0xaa28</load_address>
         <run_address>0xaa28</run_address>
         <size>0xf4</size>
         <input_file_ref idref="fl-c"/>
      </object_component>
      <object_component id="oc-fa">
         <name>.debug_info</name>
         <load_address>0xab1c</load_address>
         <run_address>0xab1c</run_address>
         <size>0xf4</size>
         <input_file_ref idref="fl-c"/>
      </object_component>
      <object_component id="oc-eb">
         <name>.debug_info</name>
         <load_address>0xac10</load_address>
         <run_address>0xac10</run_address>
         <size>0x137</size>
         <input_file_ref idref="fl-c"/>
      </object_component>
      <object_component id="oc-e8">
         <name>.debug_info</name>
         <load_address>0xad47</load_address>
         <run_address>0xad47</run_address>
         <size>0xf4</size>
         <input_file_ref idref="fl-c"/>
      </object_component>
      <object_component id="oc-fd">
         <name>.debug_info</name>
         <load_address>0xae3b</load_address>
         <run_address>0xae3b</run_address>
         <size>0x102</size>
         <input_file_ref idref="fl-c"/>
      </object_component>
      <object_component id="oc-e5">
         <name>.debug_info</name>
         <load_address>0xaf3d</load_address>
         <run_address>0xaf3d</run_address>
         <size>0xf6</size>
         <input_file_ref idref="fl-c"/>
      </object_component>
      <object_component id="oc-106">
         <name>.debug_info</name>
         <load_address>0xb033</load_address>
         <run_address>0xb033</run_address>
         <size>0xf5</size>
         <input_file_ref idref="fl-c"/>
      </object_component>
      <object_component id="oc-81">
         <name>.debug_info</name>
         <load_address>0xb128</load_address>
         <run_address>0xb128</run_address>
         <size>0x486c</size>
         <input_file_ref idref="fl-c"/>
      </object_component>
      <object_component id="oc-d7">
         <name>.debug_info</name>
         <load_address>0xf994</load_address>
         <run_address>0xf994</run_address>
         <size>0x30c</size>
         <input_file_ref idref="fl-c"/>
      </object_component>
      <object_component id="oc-1c3">
         <name>.debug_info</name>
         <load_address>0xfca0</load_address>
         <run_address>0xfca0</run_address>
         <size>0x130</size>
         <input_file_ref idref="fl-c"/>
      </object_component>
      <object_component id="oc-1fa">
         <name>.debug_info</name>
         <load_address>0xfdd0</load_address>
         <run_address>0xfdd0</run_address>
         <size>0x8a4</size>
         <input_file_ref idref="fl-d"/>
      </object_component>
      <object_component id="oc-1ec">
         <name>.debug_info</name>
         <load_address>0x10674</load_address>
         <run_address>0x10674</run_address>
         <size>0xf4</size>
         <input_file_ref idref="fl-d"/>
      </object_component>
      <object_component id="oc-1ef">
         <name>.debug_info</name>
         <load_address>0x10768</load_address>
         <run_address>0x10768</run_address>
         <size>0xf4</size>
         <input_file_ref idref="fl-d"/>
      </object_component>
      <object_component id="oc-1f2">
         <name>.debug_info</name>
         <load_address>0x1085c</load_address>
         <run_address>0x1085c</run_address>
         <size>0x12c</size>
         <input_file_ref idref="fl-d"/>
      </object_component>
      <object_component id="oc-1e9">
         <name>.debug_info</name>
         <load_address>0x10988</load_address>
         <run_address>0x10988</run_address>
         <size>0x118</size>
         <input_file_ref idref="fl-d"/>
      </object_component>
      <object_component id="oc-100">
         <name>.debug_info</name>
         <load_address>0x10aa0</load_address>
         <run_address>0x10aa0</run_address>
         <size>0x1d76</size>
         <input_file_ref idref="fl-d"/>
      </object_component>
      <object_component id="oc-1fb">
         <name>.debug_info</name>
         <load_address>0x12816</load_address>
         <run_address>0x12816</run_address>
         <size>0x1ba</size>
         <input_file_ref idref="fl-d"/>
      </object_component>
      <object_component id="oc-1f5">
         <name>.debug_info</name>
         <load_address>0x129d0</load_address>
         <run_address>0x129d0</run_address>
         <size>0x46</size>
         <input_file_ref idref="fl-d"/>
      </object_component>
      <object_component id="oc-90">
         <name>.debug_info</name>
         <load_address>0x12a16</load_address>
         <run_address>0x12a16</run_address>
         <size>0x4ec</size>
         <input_file_ref idref="fl-e"/>
      </object_component>
      <object_component id="oc-7d">
         <name>.debug_info</name>
         <load_address>0x12f02</load_address>
         <run_address>0x12f02</run_address>
         <size>0x169</size>
         <input_file_ref idref="fl-e"/>
      </object_component>
      <object_component id="oc-8d">
         <name>.debug_info</name>
         <load_address>0x1306b</load_address>
         <run_address>0x1306b</run_address>
         <size>0x174</size>
         <input_file_ref idref="fl-e"/>
      </object_component>
      <object_component id="oc-34">
         <name>.debug_info</name>
         <load_address>0x131df</load_address>
         <run_address>0x131df</run_address>
         <size>0x8c0</size>
         <input_file_ref idref="fl-e"/>
      </object_component>
      <object_component id="oc-2e">
         <name>.debug_info</name>
         <load_address>0x13a9f</load_address>
         <run_address>0x13a9f</run_address>
         <size>0x256</size>
         <input_file_ref idref="fl-f"/>
      </object_component>
      <object_component id="oc-1e1">
         <name>.debug_info</name>
         <load_address>0x13cf5</load_address>
         <run_address>0x13cf5</run_address>
         <size>0x507</size>
         <input_file_ref idref="fl-10"/>
      </object_component>
      <object_component id="oc-1de">
         <name>.debug_info</name>
         <load_address>0x141fc</load_address>
         <run_address>0x141fc</run_address>
         <size>0xef</size>
         <input_file_ref idref="fl-10"/>
      </object_component>
      <object_component id="oc-1db">
         <name>.debug_info</name>
         <load_address>0x142eb</load_address>
         <run_address>0x142eb</run_address>
         <size>0xef</size>
         <input_file_ref idref="fl-10"/>
      </object_component>
      <object_component id="oc-1d8">
         <name>.debug_info</name>
         <load_address>0x143da</load_address>
         <run_address>0x143da</run_address>
         <size>0x1fb</size>
         <input_file_ref idref="fl-10"/>
      </object_component>
      <object_component id="oc-f4">
         <name>.debug_info</name>
         <load_address>0x145d5</load_address>
         <run_address>0x145d5</run_address>
         <size>0xa6b</size>
         <input_file_ref idref="fl-10"/>
      </object_component>
      <object_component id="oc-2a6">
         <name>.debug_info</name>
         <load_address>0x15040</load_address>
         <run_address>0x15040</run_address>
         <size>0x62</size>
         <input_file_ref idref="fl-10"/>
      </object_component>
      <object_component id="oc-355">
         <name>.debug_info</name>
         <load_address>0x150a2</load_address>
         <run_address>0x150a2</run_address>
         <size>0x362</size>
         <input_file_ref idref="fl-11"/>
      </object_component>
      <object_component id="oc-352">
         <name>.debug_info</name>
         <load_address>0x15404</load_address>
         <run_address>0x15404</run_address>
         <size>0xf4</size>
         <input_file_ref idref="fl-11"/>
      </object_component>
      <object_component id="oc-26d">
         <name>.debug_info</name>
         <load_address>0x154f8</load_address>
         <run_address>0x154f8</run_address>
         <size>0x2ff</size>
         <input_file_ref idref="fl-11"/>
      </object_component>
      <object_component id="oc-346">
         <name>.debug_info</name>
         <load_address>0x157f7</load_address>
         <run_address>0x157f7</run_address>
         <size>0x59d</size>
         <input_file_ref idref="fl-12"/>
      </object_component>
      <object_component id="oc-342">
         <name>.debug_info</name>
         <load_address>0x15d94</load_address>
         <run_address>0x15d94</run_address>
         <size>0xe6</size>
         <input_file_ref idref="fl-12"/>
      </object_component>
      <object_component id="oc-33f">
         <name>.debug_info</name>
         <load_address>0x15e7a</load_address>
         <run_address>0x15e7a</run_address>
         <size>0xe6</size>
         <input_file_ref idref="fl-12"/>
      </object_component>
      <object_component id="oc-25c">
         <name>.debug_info</name>
         <load_address>0x15f60</load_address>
         <run_address>0x15f60</run_address>
         <size>0x91e</size>
         <input_file_ref idref="fl-12"/>
      </object_component>
      <object_component id="oc-208">
         <name>.debug_info</name>
         <load_address>0x1687e</load_address>
         <run_address>0x1687e</run_address>
         <size>0x395</size>
         <input_file_ref idref="fl-18"/>
      </object_component>
      <object_component id="oc-205">
         <name>.debug_info</name>
         <load_address>0x16c13</load_address>
         <run_address>0x16c13</run_address>
         <size>0x115</size>
         <input_file_ref idref="fl-18"/>
      </object_component>
      <object_component id="oc-20c">
         <name>.debug_info</name>
         <load_address>0x16d28</load_address>
         <run_address>0x16d28</run_address>
         <size>0x21f</size>
         <input_file_ref idref="fl-18"/>
      </object_component>
      <object_component id="oc-212">
         <name>.debug_info</name>
         <load_address>0x16f47</load_address>
         <run_address>0x16f47</run_address>
         <size>0x282</size>
         <input_file_ref idref="fl-18"/>
      </object_component>
      <object_component id="oc-117">
         <name>.debug_info</name>
         <load_address>0x171c9</load_address>
         <run_address>0x171c9</run_address>
         <size>0x1fe</size>
         <input_file_ref idref="fl-18"/>
      </object_component>
      <object_component id="oc-2ff">
         <name>.debug_info</name>
         <load_address>0x173c7</load_address>
         <run_address>0x173c7</run_address>
         <size>0x200</size>
         <input_file_ref idref="fl-18"/>
      </object_component>
      <object_component id="oc-31d">
         <name>.debug_info</name>
         <load_address>0x175c7</load_address>
         <run_address>0x175c7</run_address>
         <size>0x208</size>
         <input_file_ref idref="fl-18"/>
      </object_component>
      <object_component id="oc-34d">
         <name>.debug_info</name>
         <load_address>0x177cf</load_address>
         <run_address>0x177cf</run_address>
         <size>0x1e7</size>
         <input_file_ref idref="fl-18"/>
      </object_component>
      <object_component id="oc-111">
         <name>.debug_info</name>
         <load_address>0x179b6</load_address>
         <run_address>0x179b6</run_address>
         <size>0x1ec</size>
         <input_file_ref idref="fl-18"/>
      </object_component>
      <object_component id="oc-391">
         <name>.debug_info</name>
         <load_address>0x17ba2</load_address>
         <run_address>0x17ba2</run_address>
         <size>0x368</size>
         <input_file_ref idref="fl-19"/>
      </object_component>
      <object_component id="oc-38e">
         <name>.debug_info</name>
         <load_address>0x17f0a</load_address>
         <run_address>0x17f0a</run_address>
         <size>0x10c</size>
         <input_file_ref idref="fl-19"/>
      </object_component>
      <object_component id="oc-310">
         <name>.debug_info</name>
         <load_address>0x18016</load_address>
         <run_address>0x18016</run_address>
         <size>0x1d4</size>
         <input_file_ref idref="fl-19"/>
      </object_component>
      <object_component id="oc-203">
         <name>.debug_info</name>
         <load_address>0x181ea</load_address>
         <run_address>0x181ea</run_address>
         <size>0x3f2</size>
         <input_file_ref idref="fl-1a"/>
      </object_component>
      <object_component id="oc-396">
         <name>.debug_info</name>
         <load_address>0x185dc</load_address>
         <run_address>0x185dc</run_address>
         <size>0x107</size>
         <input_file_ref idref="fl-1a"/>
      </object_component>
      <object_component id="oc-231">
         <name>.debug_info</name>
         <load_address>0x186e3</load_address>
         <run_address>0x186e3</run_address>
         <size>0x1ef</size>
         <input_file_ref idref="fl-1a"/>
      </object_component>
      <object_component id="oc-10c">
         <name>.debug_info</name>
         <load_address>0x188d2</load_address>
         <run_address>0x188d2</run_address>
         <size>0x1e9</size>
         <input_file_ref idref="fl-1a"/>
      </object_component>
      <object_component id="oc-12a">
         <name>.debug_info</name>
         <load_address>0x18abb</load_address>
         <run_address>0x18abb</run_address>
         <size>0x247</size>
         <input_file_ref idref="fl-1a"/>
      </object_component>
      <object_component id="oc-32a">
         <name>.debug_info</name>
         <load_address>0x18d02</load_address>
         <run_address>0x18d02</run_address>
         <size>0x221</size>
         <input_file_ref idref="fl-1a"/>
      </object_component>
      <object_component id="oc-2c0">
         <name>.debug_info</name>
         <load_address>0x18f23</load_address>
         <run_address>0x18f23</run_address>
         <size>0x51</size>
         <input_file_ref idref="fl-1a"/>
      </object_component>
      <object_component id="oc-388">
         <name>.debug_info</name>
         <load_address>0x18f74</load_address>
         <run_address>0x18f74</run_address>
         <size>0x378</size>
         <input_file_ref idref="fl-1b"/>
      </object_component>
      <object_component id="oc-2f5">
         <name>.debug_info</name>
         <load_address>0x192ec</load_address>
         <run_address>0x192ec</run_address>
         <size>0x228</size>
         <input_file_ref idref="fl-1b"/>
      </object_component>
      <object_component id="oc-30d">
         <name>.debug_info</name>
         <load_address>0x19514</load_address>
         <run_address>0x19514</run_address>
         <size>0x1d9</size>
         <input_file_ref idref="fl-1b"/>
      </object_component>
      <object_component id="oc-336">
         <name>.debug_info</name>
         <load_address>0x196ed</load_address>
         <run_address>0x196ed</run_address>
         <size>0x226</size>
         <input_file_ref idref="fl-1b"/>
      </object_component>
      <object_component id="oc-319">
         <name>.debug_info</name>
         <load_address>0x19913</load_address>
         <run_address>0x19913</run_address>
         <size>0x200</size>
         <input_file_ref idref="fl-1b"/>
      </object_component>
      <object_component id="oc-33c">
         <name>.debug_info</name>
         <load_address>0x19b13</load_address>
         <run_address>0x19b13</run_address>
         <size>0x1fe</size>
         <input_file_ref idref="fl-1b"/>
      </object_component>
      <object_component id="oc-2fb">
         <name>.debug_info</name>
         <load_address>0x19d11</load_address>
         <run_address>0x19d11</run_address>
         <size>0x1eb</size>
         <input_file_ref idref="fl-1b"/>
      </object_component>
      <object_component id="oc-325">
         <name>.debug_info</name>
         <load_address>0x19efc</load_address>
         <run_address>0x19efc</run_address>
         <size>0x1ed</size>
         <input_file_ref idref="fl-1b"/>
      </object_component>
      <object_component id="oc-305">
         <name>.debug_info</name>
         <load_address>0x1a0e9</load_address>
         <run_address>0x1a0e9</run_address>
         <size>0x1f8</size>
         <input_file_ref idref="fl-1b"/>
      </object_component>
      <object_component id="oc-21c">
         <name>.debug_info</name>
         <load_address>0x1a2e1</load_address>
         <run_address>0x1a2e1</run_address>
         <size>0x37c</size>
         <input_file_ref idref="fl-1c"/>
      </object_component>
      <object_component id="oc-23b">
         <name>.debug_info</name>
         <load_address>0x1a65d</load_address>
         <run_address>0x1a65d</run_address>
         <size>0x1b3</size>
         <input_file_ref idref="fl-1c"/>
      </object_component>
      <object_component id="oc-2db">
         <name>.debug_info</name>
         <load_address>0x1a810</load_address>
         <run_address>0x1a810</run_address>
         <size>0x1b5</size>
         <input_file_ref idref="fl-1c"/>
      </object_component>
      <object_component id="oc-235">
         <name>.debug_info</name>
         <load_address>0x1a9c5</load_address>
         <run_address>0x1a9c5</run_address>
         <size>0x292</size>
         <input_file_ref idref="fl-1c"/>
      </object_component>
      <object_component id="oc-11c">
         <name>.debug_info</name>
         <load_address>0x1ac57</load_address>
         <run_address>0x1ac57</run_address>
         <size>0x1fd</size>
         <input_file_ref idref="fl-1c"/>
      </object_component>
      <object_component id="oc-21e">
         <name>.debug_info</name>
         <load_address>0x1ae54</load_address>
         <run_address>0x1ae54</run_address>
         <size>0x1df</size>
         <input_file_ref idref="fl-1c"/>
      </object_component>
      <object_component id="oc-229">
         <name>.debug_info</name>
         <load_address>0x1b033</load_address>
         <run_address>0x1b033</run_address>
         <size>0x1b9</size>
         <input_file_ref idref="fl-1c"/>
      </object_component>
      <object_component id="oc-32e">
         <name>.debug_info</name>
         <load_address>0x1b1ec</load_address>
         <run_address>0x1b1ec</run_address>
         <size>0x13b</size>
         <input_file_ref idref="fl-d3"/>
      </object_component>
      <object_component id="oc-47">
         <name>.debug_info</name>
         <load_address>0x1b327</load_address>
         <run_address>0x1b327</run_address>
         <size>0x119</size>
         <input_file_ref idref="fl-d4"/>
      </object_component>
      <object_component id="oc-bf">
         <name>.debug_info</name>
         <load_address>0x1b440</load_address>
         <run_address>0x1b440</run_address>
         <size>0x147</size>
         <input_file_ref idref="fl-d5"/>
      </object_component>
      <object_component id="oc-226">
         <name>.debug_info</name>
         <load_address>0x1b587</load_address>
         <run_address>0x1b587</run_address>
         <size>0x142</size>
         <input_file_ref idref="fl-d6"/>
      </object_component>
      <object_component id="oc-bb">
         <name>.debug_info</name>
         <load_address>0x1b6c9</load_address>
         <run_address>0x1b6c9</run_address>
         <size>0x2d4</size>
         <input_file_ref idref="fl-d7"/>
      </object_component>
      <object_component id="oc-59">
         <name>.debug_info</name>
         <load_address>0x1b99d</load_address>
         <run_address>0x1b99d</run_address>
         <size>0x1b5</size>
         <input_file_ref idref="fl-d7"/>
      </object_component>
      <object_component id="oc-b6">
         <name>.debug_info</name>
         <load_address>0x1bb52</load_address>
         <run_address>0x1bb52</run_address>
         <size>0x46</size>
         <input_file_ref idref="fl-d7"/>
      </object_component>
      <object_component id="oc-51">
         <name>.debug_info</name>
         <load_address>0x1bb98</load_address>
         <run_address>0x1bb98</run_address>
         <size>0x2a8</size>
         <input_file_ref idref="fl-d8"/>
      </object_component>
      <object_component id="oc-1c">
         <name>.debug_info</name>
         <load_address>0x1be40</load_address>
         <run_address>0x1be40</run_address>
         <size>0x1ea</size>
         <input_file_ref idref="fl-d8"/>
      </object_component>
      <object_component id="oc-4c">
         <name>.debug_info</name>
         <load_address>0x1c02a</load_address>
         <run_address>0x1c02a</run_address>
         <size>0x46</size>
         <input_file_ref idref="fl-d8"/>
      </object_component>
      <object_component id="oc-ae">
         <name>.debug_info</name>
         <load_address>0x1c070</load_address>
         <run_address>0x1c070</run_address>
         <size>0x2c</size>
         <input_file_ref idref="fl-d8"/>
      </object_component>
      <object_component id="oc-ac">
         <name>.debug_info</name>
         <load_address>0x1c09c</load_address>
         <run_address>0x1c09c</run_address>
         <size>0x29e</size>
         <input_file_ref idref="fl-d9"/>
      </object_component>
      <object_component id="oc-16">
         <name>.debug_info</name>
         <load_address>0x1c33a</load_address>
         <run_address>0x1c33a</run_address>
         <size>0x250</size>
         <input_file_ref idref="fl-d9"/>
      </object_component>
      <object_component id="oc-3c">
         <name>.debug_info</name>
         <load_address>0x1c58a</load_address>
         <run_address>0x1c58a</run_address>
         <size>0x60</size>
         <input_file_ref idref="fl-d9"/>
      </object_component>
      <object_component id="oc-164">
         <name>.debug_info</name>
         <load_address>0x1c5ea</load_address>
         <run_address>0x1c5ea</run_address>
         <size>0x46</size>
         <input_file_ref idref="fl-d9"/>
      </object_component>
      <object_component id="oc-a7">
         <name>.debug_info</name>
         <load_address>0x1c630</load_address>
         <run_address>0x1c630</run_address>
         <size>0x39</size>
         <input_file_ref idref="fl-d9"/>
      </object_component>
      <object_component id="oc-25">
         <name>.debug_info</name>
         <load_address>0x1c669</load_address>
         <run_address>0x1c669</run_address>
         <size>0x10b</size>
         <input_file_ref idref="fl-da"/>
      </object_component>
      <object_component id="oc-65">
         <name>.debug_info</name>
         <load_address>0x1c774</load_address>
         <run_address>0x1c774</run_address>
         <size>0x1a9</size>
         <input_file_ref idref="fl-da"/>
      </object_component>
      <object_component id="oc-2d3">
         <name>.debug_info</name>
         <load_address>0x1c91d</load_address>
         <run_address>0x1c91d</run_address>
         <size>0x115</size>
         <input_file_ref idref="fl-db"/>
      </object_component>
      <object_component id="oc-28a">
         <name>.debug_info</name>
         <load_address>0x1ca32</load_address>
         <run_address>0x1ca32</run_address>
         <size>0x4b3</size>
         <input_file_ref idref="fl-dc"/>
      </object_component>
      <object_component id="oc-182">
         <name>.debug_info</name>
         <load_address>0x1cee5</load_address>
         <run_address>0x1cee5</run_address>
         <size>0x1a6</size>
         <input_file_ref idref="fl-dc"/>
      </object_component>
      <object_component id="oc-368">
         <name>.debug_info</name>
         <load_address>0x1d08b</load_address>
         <run_address>0x1d08b</run_address>
         <size>0x39</size>
         <input_file_ref idref="fl-dc"/>
      </object_component>
      <object_component id="oc-3aa">
         <name>.debug_info</name>
         <load_address>0x1d0c4</load_address>
         <run_address>0x1d0c4</run_address>
         <size>0x39</size>
         <input_file_ref idref="fl-dc"/>
      </object_component>
      <object_component id="oc-36d">
         <name>.debug_info</name>
         <load_address>0x1d0fd</load_address>
         <run_address>0x1d0fd</run_address>
         <size>0x39</size>
         <input_file_ref idref="fl-dc"/>
      </object_component>
      <object_component id="oc-372">
         <name>.debug_info</name>
         <load_address>0x1d136</load_address>
         <run_address>0x1d136</run_address>
         <size>0xcd</size>
         <input_file_ref idref="fl-dc"/>
      </object_component>
      <object_component id="oc-c3">
         <name>.debug_info</name>
         <load_address>0x1d203</load_address>
         <run_address>0x1d203</run_address>
         <size>0x153</size>
         <input_file_ref idref="fl-dd"/>
      </object_component>
      <object_component id="oc-176">
         <name>.debug_info</name>
         <load_address>0x1d356</load_address>
         <run_address>0x1d356</run_address>
         <size>0x122</size>
         <input_file_ref idref="fl-df"/>
      </object_component>
      <object_component id="oc-3ed">
         <name>.debug_info</name>
         <load_address>0x1d478</load_address>
         <run_address>0x1d478</run_address>
         <size>0xa7</size>
      </object_component>
      <object_component id="oc-27e">
         <name>.debug_line</name>
         <load_address>0x0</load_address>
         <run_address>0x0</run_address>
         <size>0x126</size>
         <input_file_ref idref="fl-2"/>
      </object_component>
      <object_component id="oc-34a">
         <name>.debug_line</name>
         <load_address>0x126</load_address>
         <run_address>0x126</run_address>
         <size>0x31</size>
         <input_file_ref idref="fl-2"/>
      </object_component>
      <object_component id="oc-348">
         <name>.debug_line</name>
         <load_address>0x157</load_address>
         <run_address>0x157</run_address>
         <size>0x31</size>
         <input_file_ref idref="fl-2"/>
      </object_component>
      <object_component id="oc-137">
         <name>.debug_line</name>
         <load_address>0x188</load_address>
         <run_address>0x188</run_address>
         <size>0xe1</size>
         <input_file_ref idref="fl-2"/>
      </object_component>
      <object_component id="oc-151">
         <name>.debug_line</name>
         <load_address>0x269</load_address>
         <run_address>0x269</run_address>
         <size>0x6a</size>
         <input_file_ref idref="fl-2"/>
      </object_component>
      <object_component id="oc-a5">
         <name>.debug_line</name>
         <load_address>0x2d3</load_address>
         <run_address>0x2d3</run_address>
         <size>0x7a</size>
         <input_file_ref idref="fl-2"/>
      </object_component>
      <object_component id="oc-15b">
         <name>.debug_line</name>
         <load_address>0x34d</load_address>
         <run_address>0x34d</run_address>
         <size>0x6e</size>
         <input_file_ref idref="fl-2"/>
      </object_component>
      <object_component id="oc-276">
         <name>.debug_line</name>
         <load_address>0x3bb</load_address>
         <run_address>0x3bb</run_address>
         <size>0x6b</size>
         <input_file_ref idref="fl-2"/>
      </object_component>
      <object_component id="oc-27b">
         <name>.debug_line</name>
         <load_address>0x426</load_address>
         <run_address>0x426</run_address>
         <size>0x6c</size>
         <input_file_ref idref="fl-2"/>
      </object_component>
      <object_component id="oc-44">
         <name>.debug_line</name>
         <load_address>0x492</load_address>
         <run_address>0x492</run_address>
         <size>0x20</size>
         <input_file_ref idref="fl-2"/>
      </object_component>
      <object_component id="oc-94">
         <name>.debug_line</name>
         <load_address>0x4b2</load_address>
         <run_address>0x4b2</run_address>
         <size>0x6e</size>
         <input_file_ref idref="fl-2"/>
      </object_component>
      <object_component id="oc-162">
         <name>.debug_line</name>
         <load_address>0x520</load_address>
         <run_address>0x520</run_address>
         <size>0x7e</size>
         <input_file_ref idref="fl-2"/>
      </object_component>
      <object_component id="oc-2c7">
         <name>.debug_line</name>
         <load_address>0x59e</load_address>
         <run_address>0x59e</run_address>
         <size>0x7a</size>
         <input_file_ref idref="fl-2"/>
      </object_component>
      <object_component id="oc-9e">
         <name>.debug_line</name>
         <load_address>0x618</load_address>
         <run_address>0x618</run_address>
         <size>0x7b</size>
         <input_file_ref idref="fl-2"/>
      </object_component>
      <object_component id="oc-14c">
         <name>.debug_line</name>
         <load_address>0x693</load_address>
         <run_address>0x693</run_address>
         <size>0x76</size>
         <input_file_ref idref="fl-2"/>
      </object_component>
      <object_component id="oc-99">
         <name>.debug_line</name>
         <load_address>0x709</load_address>
         <run_address>0x709</run_address>
         <size>0x7d</size>
         <input_file_ref idref="fl-2"/>
      </object_component>
      <object_component id="oc-24e">
         <name>.debug_line</name>
         <load_address>0x786</load_address>
         <run_address>0x786</run_address>
         <size>0x76</size>
         <input_file_ref idref="fl-2"/>
      </object_component>
      <object_component id="oc-156">
         <name>.debug_line</name>
         <load_address>0x7fc</load_address>
         <run_address>0x7fc</run_address>
         <size>0x6a</size>
         <input_file_ref idref="fl-2"/>
      </object_component>
      <object_component id="oc-272">
         <name>.debug_line</name>
         <load_address>0x866</load_address>
         <run_address>0x866</run_address>
         <size>0x216</size>
         <input_file_ref idref="fl-3"/>
      </object_component>
      <object_component id="oc-8a">
         <name>.debug_line</name>
         <load_address>0xa7c</load_address>
         <run_address>0xa7c</run_address>
         <size>0xab</size>
         <input_file_ref idref="fl-3"/>
      </object_component>
      <object_component id="oc-357">
         <name>.debug_line</name>
         <load_address>0xb27</load_address>
         <run_address>0xb27</run_address>
         <size>0x12d</size>
         <input_file_ref idref="fl-4"/>
      </object_component>
      <object_component id="oc-13d">
         <name>.debug_line</name>
         <load_address>0xc54</load_address>
         <run_address>0xc54</run_address>
         <size>0xad</size>
         <input_file_ref idref="fl-4"/>
      </object_component>
      <object_component id="oc-a1">
         <name>.debug_line</name>
         <load_address>0xd01</load_address>
         <run_address>0xd01</run_address>
         <size>0x41</size>
         <input_file_ref idref="fl-5"/>
      </object_component>
      <object_component id="oc-39">
         <name>.debug_line</name>
         <load_address>0xd42</load_address>
         <run_address>0xd42</run_address>
         <size>0x41</size>
         <input_file_ref idref="fl-5"/>
      </object_component>
      <object_component id="oc-2b">
         <name>.debug_line</name>
         <load_address>0xd83</load_address>
         <run_address>0xd83</run_address>
         <size>0x9b</size>
         <input_file_ref idref="fl-5"/>
      </object_component>
      <object_component id="oc-2e9">
         <name>.debug_line</name>
         <load_address>0xe1e</load_address>
         <run_address>0xe1e</run_address>
         <size>0xb8</size>
         <input_file_ref idref="fl-6"/>
      </object_component>
      <object_component id="oc-2e3">
         <name>.debug_line</name>
         <load_address>0xed6</load_address>
         <run_address>0xed6</run_address>
         <size>0x61</size>
         <input_file_ref idref="fl-6"/>
      </object_component>
      <object_component id="oc-2e7">
         <name>.debug_line</name>
         <load_address>0xf37</load_address>
         <run_address>0xf37</run_address>
         <size>0x61</size>
         <input_file_ref idref="fl-6"/>
      </object_component>
      <object_component id="oc-2e5">
         <name>.debug_line</name>
         <load_address>0xf98</load_address>
         <run_address>0xf98</run_address>
         <size>0x61</size>
         <input_file_ref idref="fl-6"/>
      </object_component>
      <object_component id="oc-125">
         <name>.debug_line</name>
         <load_address>0xff9</load_address>
         <run_address>0xff9</run_address>
         <size>0x28c</size>
         <input_file_ref idref="fl-6"/>
      </object_component>
      <object_component id="oc-219">
         <name>.debug_line</name>
         <load_address>0x1285</load_address>
         <run_address>0x1285</run_address>
         <size>0x20</size>
         <input_file_ref idref="fl-6"/>
      </object_component>
      <object_component id="oc-37a">
         <name>.debug_line</name>
         <load_address>0x12a5</load_address>
         <run_address>0x12a5</run_address>
         <size>0x1a2</size>
         <input_file_ref idref="fl-8"/>
      </object_component>
      <object_component id="oc-1bc">
         <name>.debug_line</name>
         <load_address>0x1447</load_address>
         <run_address>0x1447</run_address>
         <size>0x76</size>
         <input_file_ref idref="fl-8"/>
      </object_component>
      <object_component id="oc-1cb">
         <name>.debug_line</name>
         <load_address>0x14bd</load_address>
         <run_address>0x14bd</run_address>
         <size>0x6e</size>
         <input_file_ref idref="fl-8"/>
      </object_component>
      <object_component id="oc-37e">
         <name>.debug_line</name>
         <load_address>0x152b</load_address>
         <run_address>0x152b</run_address>
         <size>0x3e</size>
         <input_file_ref idref="fl-8"/>
      </object_component>
      <object_component id="oc-383">
         <name>.debug_line</name>
         <load_address>0x1569</load_address>
         <run_address>0x1569</run_address>
         <size>0x72</size>
         <input_file_ref idref="fl-8"/>
      </object_component>
      <object_component id="oc-2b2">
         <name>.debug_line</name>
         <load_address>0x15db</load_address>
         <run_address>0x15db</run_address>
[...]
      <symbol id="sm-474">
         <name>xTaskCatchUpTicks</name>
         <value>0xf6d</value>
         <object_component_ref idref="oc-7f"/>
      </symbol>
      <symbol id="sm-475">
         <name>xTaskGenericNotifyFromISR</name>
         <value>0x9b9</value>
         <object_component_ref idref="oc-7f"/>
      </symbol>
      <symbol id="sm-476">
         <name>uxTaskPriorityGet</name>
         <value>0x17af</value>
         <object_component_ref idref="oc-7f"/>
      </symbol>
      <symbol id="sm-477">
         <name>xTaskResumeAll</name>
         <value>0x487</value>
         <object_component_ref idref="oc-7f"/>
      </symbol>
      <symbol id="sm-478">
         <name>xTaskGetTickCount</name>
         <value>0x80d</value>
         <object_component_ref idref="oc-7f"/>
      </symbol>
      <symbol id="sm-479">
         <name>ulTaskGenericNotifyTake</name>
         <value>0x17f9</value>
         <object_component_ref idref="oc-7f"/>
      </symbol>
      <symbol id="sm-47a">
         <name>vTaskDelete</name>
         <value>0x16a7</value>
         <object_component_ref idref="oc-7f"/>
      </symbol>
      <symbol id="sm-47b">
         <name>ulTaskGenericNotifyValueClear</name>
         <value>0x17d1</value>
         <object_component_ref idref="oc-7f"/>
      </symbol>
      <symbol id="sm-47c">
         <name>xTaskGenericNotifyWait</name>
         <value>0x8b5</value>
         <object_component_ref idref="oc-7f"/>
      </symbol>
      <symbol id="sm-47d">
         <name>pxCurrentTCB</name>
         <value>0x200078b0</value>
         <object_component_ref idref="oc-79"/>
      </symbol>
      <symbol id="sm-47e">
         <name>vTaskSuspend</name>
         <value>0xffd</value>
         <object_component_ref idref="oc-7f"/>
      </symbol>
      <symbol id="sm-47f">
         <name>xTaskGetTickCountFromISR</name>
         <value>0x801</value>
         <object_component_ref idref="oc-7f"/>
      </symbol>
      <symbol id="sm-480">
         <name>vTaskResume</name>
         <value>0x1185</value>
         <object_component_ref idref="oc-7f"/>
      </symbol>
      <symbol id="sm-481">
         <name>uxTopUsedPriority</name>
         <value>0x44c8</value>
         <object_component_ref idref="oc-105"/>
      </symbol>
      <symbol id="sm-482">
         <name>vTaskPlaceOnEventListRestricted</name>
         <value>0x14ed</value>
         <object_component_ref idref="oc-7f"/>
      </symbol>
      <symbol id="sm-483">
         <name>vTaskSetTimeOutState</name>
         <value>0x112d</value>
         <object_component_ref idref="oc-7f"/>
      </symbol>
      <symbol id="sm-484">
         <name>xTaskIncrementTick</name>
         <value>0x357</value>
         <object_component_ref idref="oc-7f"/>
      </symbol>
      <symbol id="sm-485">
         <name>vTaskSwitchContext</name>
         <value>0xf9b</value>
         <object_component_ref idref="oc-7f"/>
      </symbol>
      <symbol id="sm-486">
         <name>uxTaskResetEventItemValue</name>
         <value>0x1773</value>
         <object_component_ref idref="oc-7f"/>
      </symbol>
      <symbol id="sm-487">
         <name>xTaskGetSchedulerState</name>
         <value>0x819</value>
         <object_component_ref idref="oc-7f"/>
      </symbol>
      <symbol id="sm-488">
         <name>xTaskResumeFromISR</name>
         <value>0x295</value>
         <object_component_ref idref="oc-7f"/>
      </symbol>
      <symbol id="sm-489">
         <name>xTaskGetCurrentTaskHandle</name>
         <value>0x831</value>
         <object_component_ref idref="oc-7f"/>
      </symbol>
      <symbol id="sm-48a">
         <name>vTaskPlaceOnUnorderedEventList</name>
         <value>0x1483</value>
         <object_component_ref idref="oc-7f"/>
      </symbol>
      <symbol id="sm-48b">
         <name>xTaskRemoveFromEventList</name>
         <value>0x5e9</value>
         <object_component_ref idref="oc-7f"/>
      </symbol>
      <symbol id="sm-48c">
         <name>xTaskPriorityInherit</name>
         <value>0x6c9</value>
         <object_component_ref idref="oc-7f"/>
      </symbol>
      <symbol id="sm-528">
         <name>xTimerGetTimerDaemonTaskHandle</name>
         <value>0x2515</value>
         <object_component_ref idref="oc-ff"/>
      </symbol>
      <symbol id="sm-529">
         <name>pcTimerGetName</name>
         <value>0x29d7</value>
         <object_component_ref idref="oc-ff"/>
      </symbol>
      <symbol id="sm-52a">
         <name>xTimerCreateTimerTask</name>
         <value>0x260f</value>
         <object_component_ref idref="oc-ff"/>
      </symbol>
      <symbol id="sm-52b">
         <name>xTimerGetExpiryTime</name>
         <value>0x2567</value>
         <object_component_ref idref="oc-ff"/>
      </symbol>
      <symbol id="sm-52c">
         <name>xTimerIsTimerActive</name>
         <value>0x24ed</value>
         <object_component_ref idref="oc-ff"/>
      </symbol>
      <symbol id="sm-52d">
         <name>xTimerGetPeriod</name>
         <value>0x2553</value>
         <object_component_ref idref="oc-ff"/>
      </symbol>
      <symbol id="sm-52e">
         <name>xTimerGetReloadMode</name>
         <value>0x252b</value>
         <object_component_ref idref="oc-ff"/>
      </symbol>
      <symbol id="sm-52f">
         <name>xTimerCreate</name>
         <value>0x2689</value>
         <object_component_ref idref="oc-ff"/>
      </symbol>
      <symbol id="sm-530">
         <name>vTimerSetReloadMode</name>
         <value>0x26db</value>
         <object_component_ref idref="oc-ff"/>
      </symbol>
      <symbol id="sm-531">
         <name>xTimerGenericCommand</name>
         <value>0x257b</value>
         <object_component_ref idref="oc-ff"/>
      </symbol>
      <symbol id="sm-532">
         <name>uxTimerGetReloadMode</name>
         <value>0x270f</value>
         <object_component_ref idref="oc-ff"/>
      </symbol>
      <symbol id="sm-533">
         <name>pvTimerGetTimerID</name>
         <value>0x2713</value>
         <object_component_ref idref="oc-ff"/>
      </symbol>
      <symbol id="sm-534">
         <name>vTimerSetTimerID</name>
         <value>0x26bd</value>
         <object_component_ref idref="oc-ff"/>
      </symbol>
      <symbol id="sm-572">
         <name>ulMaxSyscallInterruptPriority</name>
         <value>0x44c0</value>
         <object_component_ref idref="oc-7c"/>
      </symbol>
      <symbol id="sm-573">
         <name>vPortSetupTimerInterrupt</name>
         <value>0x32ab</value>
         <object_component_ref idref="oc-32"/>
      </symbol>
      <symbol id="sm-574">
         <name>vPortEndScheduler</name>
         <value>0x33eb</value>
         <object_component_ref idref="oc-32"/>
      </symbol>
      <symbol id="sm-575">
         <name>xPortSysTickHandler</name>
         <value>0x3285</value>
         <object_component_ref idref="oc-32"/>
      </symbol>
      <symbol id="sm-576">
         <name>vPortValidateInterruptPriority</name>
         <value>0x3357</value>
         <object_component_ref idref="oc-32"/>
      </symbol>
      <symbol id="sm-577">
         <name>pxPortInitialiseStack</name>
         <value>0x3401</value>
         <object_component_ref idref="oc-32"/>
      </symbol>
      <symbol id="sm-578">
         <name>vPortExitCritical</name>
         <value>0x3399</value>
         <object_component_ref idref="oc-32"/>
      </symbol>
      <symbol id="sm-579">
         <name>xPortStartScheduler</name>
         <value>0x32bf</value>
         <object_component_ref idref="oc-32"/>
      </symbol>
      <symbol id="sm-57a">
         <name>vPortEnterCritical</name>
         <value>0x33bb</value>
         <object_component_ref idref="oc-32"/>
      </symbol>
      <symbol id="sm-589">
         <name>vPortStartFirstTask</name>
         <value>0x3c69</value>
         <object_component_ref idref="oc-2d"/>
      </symbol>
      <symbol id="sm-58a">
         <name>ulPortGetIPSR</name>
         <value>0x3bd1</value>
         <object_component_ref idref="oc-2d"/>
      </symbol>
      <symbol id="sm-58b">
         <name>vPortEnableVFP</name>
         <value>0x3c8d</value>
         <object_component_ref idref="oc-2d"/>
      </symbol>
      <symbol id="sm-58c">
         <name>xPortPendSVHandler</name>
         <value>0x3be9</value>
         <object_component_ref idref="oc-2d"/>
      </symbol>
      <symbol id="sm-58d">
         <name>vPortSVCHandler</name>
         <value>0x3c49</value>
         <object_component_ref idref="oc-2d"/>
      </symbol>
      <symbol id="sm-5e7">
         <name>vPortInitialiseBlocks</name>
         <value>0x2ff5</value>
         <object_component_ref idref="oc-f0"/>
      </symbol>
      <symbol id="sm-5e8">
         <name>vPortGetHeapStats</name>
         <value>0x2ff7</value>
         <object_component_ref idref="oc-f0"/>
      </symbol>
      <symbol id="sm-5e9">
         <name>xPortGetFreeHeapSize</name>
         <value>0x2fef</value>
         <object_component_ref idref="oc-f0"/>
      </symbol>
      <symbol id="sm-5ea">
         <name>pvPortCalloc</name>
         <value>0x3211</value>
         <object_component_ref idref="oc-f0"/>
      </symbol>
      <symbol id="sm-5eb">
         <name>pvPortMalloc</name>
         <value>0x313b</value>
         <object_component_ref idref="oc-f0"/>
      </symbol>
      <symbol id="sm-5ec">
         <name>vPortFree</name>
         <value>0x3099</value>
         <object_component_ref idref="oc-f0"/>
      </symbol>
      <symbol id="sm-5ed">
         <name>xPortGetMinimumEverFreeHeapSize</name>
         <value>0x2fe9</value>
         <object_component_ref idref="oc-f0"/>
      </symbol>
      <symbol id="sm-610">
         <name>ButtonsInit</name>
         <value>0x3d0b</value>
         <object_component_ref idref="oc-269"/>
      </symbol>
      <symbol id="sm-611">
         <name>ButtonsPoll</name>
         <value>0x3c9d</value>
         <object_component_ref idref="oc-269"/>
      </symbol>
      <symbol id="sm-649">
         <name>RGBDisable</name>
         <value>0x2ed1</value>
         <object_component_ref idref="oc-25b"/>
      </symbol>
      <symbol id="sm-64a">
         <name>RGBBlinkRateSet</name>
         <value>0x2f27</value>
         <object_component_ref idref="oc-25b"/>
      </symbol>
      <symbol id="sm-64b">
         <name>RGBIntensitySet</name>
         <value>0x2d7f</value>
         <object_component_ref idref="oc-25b"/>
      </symbol>
      <symbol id="sm-64c">
         <name>RGBBlinkIntHandler</name>
         <value>0x2f8b</value>
         <object_component_ref idref="oc-25b"/>
      </symbol>
      <symbol id="sm-64d">
         <name>RGBEnable</name>
         <value>0x2da7</value>
         <object_component_ref idref="oc-25b"/>
      </symbol>
      <symbol id="sm-64e">
         <name>RGBColorGet</name>
         <value>0x2f0f</value>
         <object_component_ref idref="oc-25b"/>
      </symbol>
      <symbol id="sm-64f">
         <name>RGBInit</name>
         <value>0x2e1b</value>
         <object_component_ref idref="oc-25b"/>
      </symbol>
      <symbol id="sm-650">
         <name>RGBColorSet</name>
         <value>0x2d11</value>
         <object_component_ref idref="oc-25b"/>
      </symbol>
      <symbol id="sm-651">
         <name>RGBSet</name>
         <value>0x2d8b</value>
         <object_component_ref idref="oc-25b"/>
      </symbol>
      <symbol id="sm-6a3">
         <name>GPIOPinConfigure</name>
         <value>0x408d</value>
         <object_component_ref idref="oc-10f"/>
      </symbol>
      <symbol id="sm-6a4">
         <name>GPIOPinTypeGPIOInput</name>
         <value>0x42a9</value>
         <object_component_ref idref="oc-31b"/>
      </symbol>
      <symbol id="sm-6a5">
         <name>GPIOPinTypeUART</name>
         <value>0x42d5</value>
         <object_component_ref idref="oc-115"/>
      </symbol>
      <symbol id="sm-6a6">
         <name>GPIOPinRead</name>
         <value>0x4373</value>
         <object_component_ref idref="oc-34b"/>
      </symbol>
      <symbol id="sm-6a7">
         <name>GPIODirModeSet</name>
         <value>0x4245</value>
         <object_component_ref idref="oc-209"/>
      </symbol>
      <symbol id="sm-6a8">
         <name>GPIOPadConfigSet</name>
         <value>0x3635</value>
         <object_component_ref idref="oc-20f"/>
      </symbol>
      <symbol id="sm-6a9">
         <name>GPIOPinTypeTimer</name>
         <value>0x42bf</value>
         <object_component_ref idref="oc-2fd"/>
      </symbol>
      <symbol id="sm-6c8">
         <name>IntEnable</name>
         <value>0x3f0d</value>
         <object_component_ref idref="oc-30f"/>
      </symbol>
      <symbol id="sm-726">
         <name>SysCtlPeripheralPresent</name>
         <value>0x41a5</value>
         <object_component_ref idref="oc-22e"/>
      </symbol>
      <symbol id="sm-727">
         <name>SysCtlClockSet</name>
         <value>0x39ed</value>
         <object_component_ref idref="oc-127"/>
      </symbol>
      <symbol id="sm-728">
         <name>SysCtlDelay</name>
         <value>0x4379</value>
         <object_component_ref idref="oc-250"/>
      </symbol>
      <symbol id="sm-729">
         <name>SysCtlPeripheralEnable</name>
         <value>0x41dd</value>
         <object_component_ref idref="oc-109"/>
      </symbol>
      <symbol id="sm-72a">
         <name>SysCtlClockGet</name>
         <value>0x38d5</value>
         <object_component_ref idref="oc-327"/>
      </symbol>
      <symbol id="sm-778">
         <name>TimerMatchSet</name>
         <value>0x4311</value>
         <object_component_ref idref="oc-2f1"/>
      </symbol>
      <symbol id="sm-779">
         <name>TimerLoadSet</name>
         <value>0x42ff</value>
         <object_component_ref idref="oc-332"/>
      </symbol>
      <symbol id="sm-77a">
         <name>TimerDisable</name>
         <value>0x4291</value>
         <object_component_ref idref="oc-321"/>
      </symbol>
      <symbol id="sm-77b">
         <name>TimerEnable</name>
         <value>0x4323</value>
         <object_component_ref idref="oc-2f7"/>
      </symbol>
      <symbol id="sm-77c">
         <name>TimerIntEnable</name>
         <value>0x436b</value>
         <object_component_ref idref="oc-315"/>
      </symbol>
      <symbol id="sm-77d">
         <name>TimerLoadSet64</name>
         <value>0x437f</value>
         <object_component_ref idref="oc-309"/>
      </symbol>
      <symbol id="sm-77e">
         <name>TimerConfigure</name>
         <value>0x3fdd</value>
         <object_component_ref idref="oc-303"/>
      </symbol>
      <symbol id="sm-77f">
         <name>TimerIntClear</name>
         <value>0x438b</value>
         <object_component_ref idref="oc-338"/>
      </symbol>
      <symbol id="sm-7ba">
         <name>UARTConfigSetExpClk</name>
         <value>0x40d9</value>
         <object_component_ref idref="oc-234"/>
      </symbol>
      <symbol id="sm-7bb">
         <name>UARTDisable</name>
         <value>0x4271</value>
         <object_component_ref idref="oc-2da"/>
      </symbol>
      <symbol id="sm-7bc">
         <name>UARTClockSourceSet</name>
         <value>0x4385</value>
         <object_component_ref idref="oc-11b"/>
      </symbol>
      <symbol id="sm-7bd">
         <name>UARTCharPut</name>
         <value>0x4361</value>
         <object_component_ref idref="oc-21d"/>
      </symbol>
      <symbol id="sm-7be">
         <name>UARTEnable</name>
         <value>0x42eb</value>
         <object_component_ref idref="oc-23a"/>
      </symbol>
      <symbol id="sm-7bf">
         <name>UARTCharGet</name>
         <value>0x4357</value>
         <object_component_ref idref="oc-228"/>
      </symbol>
      <symbol id="sm-7ca">
         <name>__aeabi_f2ulz</name>
         <value>0x403d</value>
         <object_component_ref idref="oc-32d"/>
      </symbol>
      <symbol id="sm-7e5">
         <name>memcpy</name>
         <value>0x3d65</value>
         <object_component_ref idref="oc-46"/>
      </symbol>
      <symbol id="sm-7e6">
         <name>__aeabi_memcpy</name>
         <value>0x3d65</value>
         <object_component_ref idref="oc-46"/>
      </symbol>
      <symbol id="sm-7e7">
         <name>__aeabi_memcpy8</name>
         <value>0x3d65</value>
         <object_component_ref idref="oc-46"/>
      </symbol>
      <symbol id="sm-7e8">
         <name>__aeabi_memcpy4</name>
         <value>0x3d65</value>
         <object_component_ref idref="oc-46"/>
      </symbol>
      <symbol id="sm-7f7">
         <name>__aeabi_memset</name>
         <value>0x3e95</value>
         <object_component_ref idref="oc-bc"/>
      </symbol>
      <symbol id="sm-7f8">
         <name>memset</name>
         <value>0x3e9b</value>
         <object_component_ref idref="oc-bc"/>
      </symbol>
      <symbol id="sm-7f9">
         <name>__aeabi_memset8</name>
         <value>0x3e95</value>
         <object_component_ref idref="oc-bc"/>
      </symbol>
      <symbol id="sm-7fa">
         <name>__aeabi_memset4</name>
         <value>0x3e95</value>
         <object_component_ref idref="oc-bc"/>
      </symbol>
      <symbol id="sm-7fb">
         <name>__aeabi_memclr8</name>
         <value>0x3e93</value>
         <object_component_ref idref="oc-bc"/>
      </symbol>
      <symbol id="sm-7fc">
         <name>__aeabi_memclr4</name>
         <value>0x3e93</value>
         <object_component_ref idref="oc-bc"/>
      </symbol>
      <symbol id="sm-7fd">
         <name>__aeabi_memclr</name>
         <value>0x3e93</value>
         <object_component_ref idref="oc-bc"/>
      </symbol>
      <symbol id="sm-80c">
         <name>__aeabi_uidivmod</name>
         <value>0x4165</value>
         <object_component_ref idref="oc-223"/>
      </symbol>
      <symbol id="sm-80d">
         <name>__aeabi_uidiv</name>
         <value>0x4165</value>
         <object_component_ref idref="oc-223"/>
      </symbol>
      <symbol id="sm-81f">
         <name>__TI_zero_init</name>
         <value>0x433f</value>
         <object_component_ref idref="oc-58"/>
      </symbol>
      <symbol id="sm-836">
         <name>__TI_decompress_none</name>
         <value>0x4331</value>
         <object_component_ref idref="oc-1b"/>
      </symbol>
      <symbol id="sm-859">
         <name>__TI_decompress_lzss</name>
         <value>0x3f75</value>
         <object_component_ref idref="oc-15"/>
      </symbol>
      <symbol id="sm-86c">
         <name>__stack</name>
         <value>0x200076b0</value>
         <object_component_ref idref="oc-24"/>
      </symbol>
      <symbol id="sm-86d">
         <name>_c_int00_noargs</name>
         <value>0x4211</value>
         <object_component_ref idref="oc-64"/>
      </symbol>
      <symbol id="sm-877">
         <name>__aeabi_idiv0</name>
         <value>0x3c9b</value>
         <object_component_ref idref="oc-2d2"/>
      </symbol>
      <symbol id="sm-878">
         <name>__aeabi_ldiv0</name>
         <value>0x3c9b</value>
         <object_component_ref idref="oc-2d2"/>
      </symbol>
      <symbol id="sm-8a0">
         <name>__TI_auto_init_nobinit_nopinit</name>
         <value>0x4121</value>
         <object_component_ref idref="oc-180"/>
      </symbol>
      <symbol id="sm-8aa">
         <name>_system_pre_init</name>
         <value>0x438f</value>
         <object_component_ref idref="oc-c2"/>
      </symbol>
      <symbol id="sm-8b6">
         <name>C$$EXIT</name>
         <value>0x4393</value>
         <object_component_ref idref="oc-174"/>
      </symbol>
      <symbol id="sm-8b7">
         <name>abort</name>
         <value>0x4393</value>
         <object_component_ref idref="oc-174"/>
      </symbol>
      <symbol id="sm-8ba">
         <name>__TI_static_base__</name>
         <value>0x0</value>
      </symbol>
      <symbol id="sm-8bd">
         <name>__mpu_init</name>
         <value>0x0</value>
      </symbol>
      <symbol id="sm-8be">
         <name>_system_post_cinit</name>
         <value>0x0</value>
      </symbol>
   </symbol_table>
   <title>Link successful</title>
</link_info>
